#
# There is insufficient memory for the Java Runtime Environment to continue.
# Native memory allocation (malloc) failed to allocate 1048576 bytes. Error detail: AllocateHeap
# Possible reasons:
#   The system is out of physical RAM or swap space
#   This process is running with CompressedOops enabled, and the Java Heap may be blocking the growth of the native heap
# Possible solutions:
#   Reduce memory load on the system
#   Increase physical memory or swap space
#   Check if swap backing store is full
#   Decrease Java heap size (-Xmx/-Xms)
#   Decrease number of Java threads
#   Decrease Java thread stack sizes (-Xss)
#   Set larger code cache with -XX:ReservedCodeCacheSize=
#   JVM is running with Unscaled Compressed Oops mode in which the Java heap is
#     placed in the first 4GB address space. The Java Heap base address is the
#     maximum limit for the native heap growth. Please use -XX:HeapBaseMinAddress
#     to set the Java Heap base and to place the Java Heap above 4GB virtual address.
# This output file may be truncated or incomplete.
#
#  Out of Memory Error (allocation.cpp:44), pid=5024, tid=12260
#
# JRE version: OpenJDK Runtime Environment Temurin-21.0.11+10 (21.0.11+10) (build 21.0.11+10-LTS)
# Java VM: OpenJDK 64-Bit Server VM Temurin-21.0.11+10 (21.0.11+10-LTS, mixed mode, sharing, tiered, compressed oops, compressed class ptrs, parallel gc, windows-amd64)
# No core dump will be written. Minidumps are not enabled by default on client versions of Windows
#

---------------  S U M M A R Y ------------

Command Line: --add-modules=ALL-SYSTEM --add-opens=java.base/java.util=ALL-UNNAMED --add-opens=java.base/java.lang=ALL-UNNAMED --add-opens=java.base/sun.nio.fs=ALL-UNNAMED -Declipse.application=org.eclipse.jdt.ls.core.id1 -Dosgi.bundles.defaultStartLevel=4 -Declipse.product=org.eclipse.jdt.ls.core.product -Djava.import.generatesMetadataFilesAtProjectRoot=false -DDetectVMInstallationsJob.disabled=true -Dfile.encoding=utf8 -XX:+UseParallelGC -XX:GCTimeRatio=4 -XX:AdaptiveSizePolicyWeight=90 -Dsun.zip.disableMemoryMapping=true -Xmx2G -Xms100m -Xlog:disable -javaagent:c:\Users\usuario\.vscode\extensions\redhat.java-1.55.0-win32-x64\lombok\lombok-1.18.39-4050.jar -XX:+HeapDumpOnOutOfMemoryError -XX:HeapDumpPath=c:\Users\usuario\AppData\Roaming\Code\User\workspaceStorage\266824a29eef203ba0ce8fab30c21ef0\redhat.java -Daether.dependencyCollector.impl=bf c:\Users\usuario\.vscode\extensions\redhat.java-1.55.0-win32-x64\server\plugins\org.eclipse.equinox.launcher_1.7.200.v20260619-2039.jar -configuration c:\Users\usuario\AppData\Roaming\Code\User\globalStorage\redhat.java\1.55.0\config_win -data c:\Users\usuario\AppData\Roaming\Code\User\workspaceStorage\266824a29eef203ba0ce8fab30c21ef0\redhat.java\jdt_ws --pipe=\\.\pipe\lsp-0c51d9f334954e0c794b6d8adda7a044-sock

Host: AMD Ryzen 7 3700U with Radeon Vega Mobile Gfx  , 8 cores, 5G,  Windows 11 , 64 bit Build 26100 (10.0.26100.8875)
Time: Tue Jul 28 11:40:46 2026 Hora est. Pacífico, Sudamérica elapsed time: 935.569287 seconds (0d 0h 15m 35s)

---------------  T H R E A D  ---------------

Current thread (0x0000024eed1dbb80):  JavaThread "Attach Listener" daemon [_thread_in_vm, id=12260, stack(0x0000007f68e00000,0x0000007f68f00000) (1024K)]

Stack: [0x0000007f68e00000,0x0000007f68f00000]
Native frames: (J=compiled Java code, j=interpreted, Vv=VM code, C=native code)
V  [jvm.dll+0x6d7e19]
V  [jvm.dll+0x8b5096]
V  [jvm.dll+0x8b764e]
V  [jvm.dll+0x8b7d33]
V  [jvm.dll+0x284596]
V  [jvm.dll+0xc13c7]
V  [jvm.dll+0x6d86c9]
V  [jvm.dll+0x133616]
V  [jvm.dll+0x3f868e]
V  [jvm.dll+0x85fb0d]
V  [jvm.dll+0x6d664d]
C  [ucrtbase.dll+0x2cd30]
C  [KERNEL32.DLL+0x2e957]
C  [ntdll.dll+0xaad6c]


---------------  P R O C E S S  ---------------

Threads class SMR info:
_java_thread_list=0x0000024ecd3e8400, length=43, elements={
0x0000024eeadb7620, 0x0000024eed30a090, 0x0000024eed1cea00, 0x0000024eed1dad70,
0x0000024eed1dbb80, 0x0000024eed1de290, 0x0000024eed1e5910, 0x0000024eed1e8ff0,
0x0000024eed1f3880, 0x0000024ec66c78f0, 0x0000024ec680f800, 0x0000024ecb5ebb80,
0x0000024ecb64eb30, 0x0000024ecb0465e0, 0x0000024ec68771a0, 0x0000024ecc001730,
0x0000024ecbffea50, 0x0000024ecb87e880, 0x0000024ecb87db60, 0x0000024ecb87f5a0,
0x0000024ecb8802c0, 0x0000024ecb87d4d0, 0x0000024ecbb78910, 0x0000024ecbb78fa0,
0x0000024ecbb7a350, 0x0000024ecbb7b070, 0x0000024ecbb7b700, 0x0000024ecbb79630,
0x0000024ecbb79cc0, 0x0000024ecbb7a9e0, 0x0000024ecbb78280, 0x0000024ecbb7c420,
0x0000024ecbb7bd90, 0x0000024ecbb7f210, 0x0000024ecbb7de60, 0x0000024ecbb7f8a0,
0x0000024ecbb7d140, 0x0000024ecd84a750, 0x0000024ecd848d10, 0x0000024ecd84f610,
0x0000024ecd84e260, 0x0000024ecd84e8f0, 0x0000024ecd84ef80
}

Java Threads: ( => current thread )
  0x0000024eeadb7620 JavaThread "main"                              [_thread_blocked, id=22644, stack(0x0000007f68700000,0x0000007f68800000) (1024K)]
  0x0000024eed30a090 JavaThread "Reference Handler"          daemon [_thread_blocked, id=19536, stack(0x0000007f68b00000,0x0000007f68c00000) (1024K)]
  0x0000024eed1cea00 JavaThread "Finalizer"                  daemon [_thread_blocked, id=26216, stack(0x0000007f68c00000,0x0000007f68d00000) (1024K)]
  0x0000024eed1dad70 JavaThread "Signal Dispatcher"          daemon [_thread_blocked, id=24656, stack(0x0000007f68d00000,0x0000007f68e00000) (1024K)]
=>0x0000024eed1dbb80 JavaThread "Attach Listener"            daemon [_thread_in_vm, id=12260, stack(0x0000007f68e00000,0x0000007f68f00000) (1024K)]
  0x0000024eed1de290 JavaThread "Service Thread"             daemon [_thread_blocked, id=24820, stack(0x0000007f68f00000,0x0000007f69000000) (1024K)]
  0x0000024eed1e5910 JavaThread "Monitor Deflation Thread"   daemon [_thread_blocked, id=23192, stack(0x0000007f69000000,0x0000007f69100000) (1024K)]
  0x0000024eed1e8ff0 JavaThread "C2 CompilerThread0"         daemon [_thread_blocked, id=23504, stack(0x0000007f69100000,0x0000007f69200000) (1024K)]
  0x0000024eed1f3880 JavaThread "C1 CompilerThread0"         daemon [_thread_blocked, id=18728, stack(0x0000007f69200000,0x0000007f69300000) (1024K)]
  0x0000024ec66c78f0 JavaThread "Common-Cleaner"             daemon [_thread_blocked, id=17628, stack(0x0000007f69300000,0x0000007f69400000) (1024K)]
  0x0000024ec680f800 JavaThread "Notification Thread"        daemon [_thread_blocked, id=10600, stack(0x0000007f69400000,0x0000007f69500000) (1024K)]
  0x0000024ecb5ebb80 JavaThread "Active Thread: Equinox Container: 29b5e32f-7bbd-42c6-b390-4749ce8578aa"        [_thread_blocked, id=16672, stack(0x0000007f69b00000,0x0000007f69c00000) (1024K)]
  0x0000024ecb64eb30 JavaThread "Refresh Thread: Equinox Container: 29b5e32f-7bbd-42c6-b390-4749ce8578aa" daemon [_thread_blocked, id=23060, stack(0x0000007f69d00000,0x0000007f69e00000) (1024K)]
  0x0000024ecb0465e0 JavaThread "Framework Event Dispatcher: Equinox Container: 29b5e32f-7bbd-42c6-b390-4749ce8578aa" daemon [_thread_blocked, id=10540, stack(0x0000007f69e00000,0x0000007f69f00000) (1024K)]
  0x0000024ec68771a0 JavaThread "Start Level: Equinox Container: 29b5e32f-7bbd-42c6-b390-4749ce8578aa" daemon [_thread_blocked, id=18772, stack(0x0000007f69f00000,0x0000007f6a000000) (1024K)]
  0x0000024ecc001730 JavaThread "Bundle File Closer"         daemon [_thread_blocked, id=6792, stack(0x0000007f68500000,0x0000007f68600000) (1024K)]
  0x0000024ecbffea50 JavaThread "SCR Component Actor"        daemon [_thread_blocked, id=23536, stack(0x0000007f68400000,0x0000007f68500000) (1024K)]
  0x0000024ecb87e880 JavaThread "Worker-JM"                         [_thread_blocked, id=22684, stack(0x0000007f68600000,0x0000007f68700000) (1024K)]
  0x0000024ecb87db60 JavaThread "JNA Cleaner"                daemon [_thread_blocked, id=25892, stack(0x0000007f6a100000,0x0000007f6a200000) (1024K)]
  0x0000024ecb87f5a0 JavaThread "Worker-0"                          [_thread_blocked, id=12352, stack(0x0000007f6a200000,0x0000007f6a300000) (1024K)]
  0x0000024ecb8802c0 JavaThread "Worker-2"                          [_thread_blocked, id=22560, stack(0x0000007f6a400000,0x0000007f6a500000) (1024K)]
  0x0000024ecb87d4d0 JavaThread "Java indexing"              daemon [_thread_blocked, id=25372, stack(0x0000007f6a600000,0x0000007f6a700000) (1024K)]
  0x0000024ecbb78910 JavaThread "Thread-1"                   daemon [_thread_in_native, id=23408, stack(0x0000007f6ab00000,0x0000007f6ac00000) (1024K)]
  0x0000024ecbb78fa0 JavaThread "Thread-2"                   daemon [_thread_in_native, id=24952, stack(0x0000007f6ac00000,0x0000007f6ad00000) (1024K)]
  0x0000024ecbb7a350 JavaThread "Thread-3"                   daemon [_thread_in_native, id=14840, stack(0x0000007f6ad00000,0x0000007f6ae00000) (1024K)]
  0x0000024ecbb7b070 JavaThread "Thread-4"                   daemon [_thread_in_native, id=7256, stack(0x0000007f6ae00000,0x0000007f6af00000) (1024K)]
  0x0000024ecbb7b700 JavaThread "Thread-5"                   daemon [_thread_in_native, id=20012, stack(0x0000007f6af00000,0x0000007f6b000000) (1024K)]
  0x0000024ecbb79630 JavaThread "Thread-6"                   daemon [_thread_in_native, id=17880, stack(0x0000007f6b000000,0x0000007f6b100000) (1024K)]
  0x0000024ecbb79cc0 JavaThread "Thread-7"                   daemon [_thread_in_native, id=19332, stack(0x0000007f6b100000,0x0000007f6b200000) (1024K)]
  0x0000024ecbb7a9e0 JavaThread "Thread-8"                   daemon [_thread_in_native, id=25428, stack(0x0000007f6b200000,0x0000007f6b300000) (1024K)]
  0x0000024ecbb78280 JavaThread "Thread-9"                   daemon [_thread_in_native, id=3104, stack(0x0000007f6b300000,0x0000007f6b400000) (1024K)]
  0x0000024ecbb7c420 JavaThread "pool-2-thread-1"                   [_thread_blocked, id=1388, stack(0x0000007f6b400000,0x0000007f6b500000) (1024K)]
  0x0000024ecbb7bd90 JavaThread "WorkspaceEventsHandler"            [_thread_blocked, id=15540, stack(0x0000007f6b500000,0x0000007f6b600000) (1024K)]
  0x0000024ecbb7f210 JavaThread "pool-1-thread-1"                   [_thread_blocked, id=10636, stack(0x0000007f6b600000,0x0000007f6b700000) (1024K)]
  0x0000024ecbb7de60 JavaThread "PatternSearchJob-worker-1"  daemon [_thread_blocked, id=19136, stack(0x0000007f6b800000,0x0000007f6b900000) (1024K)]
  0x0000024ecbb7f8a0 JavaThread "PatternSearchJob-worker-2"  daemon [_thread_blocked, id=23560, stack(0x0000007f6b900000,0x0000007f6ba00000) (1024K)]
  0x0000024ecbb7d140 JavaThread "PatternSearchJob-worker-3"  daemon [_thread_blocked, id=25736, stack(0x0000007f6ba00000,0x0000007f6bb00000) (1024K)]
  0x0000024ecd84a750 JavaThread "PatternSearchJob-worker-6"  daemon [_thread_blocked, id=15100, stack(0x0000007f6bd00000,0x0000007f6be00000) (1024K)]
  0x0000024ecd848d10 JavaThread "PatternSearchJob-worker-7"  daemon [_thread_blocked, id=23348, stack(0x0000007f6be00000,0x0000007f6bf00000) (1024K)]
  0x0000024ecd84f610 JavaThread "Cleaner-0"                  daemon [_thread_blocked, id=22640, stack(0x0000007f6ca00000,0x0000007f6cb00000) (1024K)]
  0x0000024ecd84e260 JavaThread "Java Debug Server"          daemon [_thread_in_native, id=7068, stack(0x0000007f6a000000,0x0000007f6a100000) (1024K)]
  0x0000024ecd84e8f0 JavaThread "RxSchedulerPurge-1"         daemon [_thread_blocked, id=25544, stack(0x0000007f6c600000,0x0000007f6c700000) (1024K)]
  0x0000024ecd84ef80 JavaThread "RxCachedWorkerPoolEvictor-1" daemon [_thread_blocked, id=25936, stack(0x0000007f6c700000,0x0000007f6c800000) (1024K)]
Total: 43

Other Threads:
  0x0000024eed1c3330 VMThread "VM Thread"                           [id=20136, stack(0x0000007f68a00000,0x0000007f68b00000) (1024K)]
  0x0000024eed0dca00 WatcherThread "VM Periodic Task Thread"        [id=24284, stack(0x0000007f68900000,0x0000007f68a00000) (1024K)]
  0x0000024eed27a7c0 WorkerThread "GC Thread#0"                     [id=7996, stack(0x0000007f68800000,0x0000007f68900000) (1024K)]
  0x0000024ecb056160 WorkerThread "GC Thread#1"                     [id=14372, stack(0x0000007f69500000,0x0000007f69600000) (1024K)]
  0x0000024ecb056510 WorkerThread "GC Thread#2"                     [id=17864, stack(0x0000007f69600000,0x0000007f69700000) (1024K)]
  0x0000024ecb0568c0 WorkerThread "GC Thread#3"                     [id=24716, stack(0x0000007f69700000,0x0000007f69800000) (1024K)]
  0x0000024ecb215040 WorkerThread "GC Thread#4"                     [id=12764, stack(0x0000007f69800000,0x0000007f69900000) (1024K)]
  0x0000024ecb2153f0 WorkerThread "GC Thread#5"                     [id=13096, stack(0x0000007f69900000,0x0000007f69a00000) (1024K)]
  0x0000024ecb2157a0 WorkerThread "GC Thread#6"                     [id=21008, stack(0x0000007f69a00000,0x0000007f69b00000) (1024K)]
  0x0000024ec69083b0 WorkerThread "GC Thread#7"                     [id=19460, stack(0x0000007f69c00000,0x0000007f69d00000) (1024K)]
Total: 10

Threads with active compile tasks:
Total: 0

VM state: not at safepoint (normal execution)

VM Mutex/Monitor currently owned by a thread: None

Heap address: 0x0000000080000000, size: 2048 MB, Compressed Oops mode: 32-bit

CDS archive(s) mapped at: [0x0000024e84000000-0x0000024e84ba0000-0x0000024e84ba0000), size 12189696, SharedBaseAddress: 0x0000024e84000000, ArchiveRelocationMode: 1.
Compressed class space mapped at: 0x0000024e85000000-0x0000024ec5000000, reserved size: 1073741824
Narrow klass base: 0x0000024e84000000, Narrow klass shift: 0, Narrow klass range: 0x100000000

GC Precious Log:
 CardTable entry size: 512
 CPUs: 8 total, 8 available
 Memory: 6091M
 Large Page Support: Disabled
 NUMA Support: Disabled
 Compressed Oops: Enabled (32-bit)
 Alignments: Space 512K, Generation 512K, Heap 2M
 Heap Min Capacity: 100M
 Heap Initial Capacity: 100M
 Heap Max Capacity: 2G
 Pre-touch: Disabled
 Parallel Workers: 8

Heap:
 PSYoungGen      total 4608K, used 2981K [0x00000000d5580000, 0x00000000d5b00000, 0x0000000100000000)
  eden space 4096K, 68% used [0x00000000d5580000,0x00000000d583ae70,0x00000000d5980000)
  from space 512K, 36% used [0x00000000d5a80000,0x00000000d5aae900,0x00000000d5b00000)
  to   space 512K, 0% used [0x00000000d5a00000,0x00000000d5a00000,0x00000000d5a80000)
 ParOldGen       total 243200K, used 242530K [0x0000000080000000, 0x000000008ed80000, 0x00000000d5580000)
  object space 243200K, 99% used [0x0000000080000000,0x000000008ecd8a10,0x000000008ed80000)
 Metaspace       used 81219K, committed 83008K, reserved 1179648K
  class space    used 8657K, committed 9408K, reserved 1048576K

Card table byte_map: [0x0000024eecbf0000,0x0000024eed000000] _byte_map_base: 0x0000024eec7f0000

Marking Bits: (ParMarkBitMap*) 0x00007ff9b42c4460
 Begin Bits: [0x0000024e80000000, 0x0000024e82000000)
 End Bits:   [0x0000024e82000000, 0x0000024e84000000)

Polling page: 0x0000024eeb040000

Metaspace:

Usage:
  Non-class:     70.86 MB used.
      Class:      8.45 MB used.
       Both:     79.32 MB used.

Virtual space:
  Non-class space:      128.00 MB reserved,      71.88 MB ( 56%) committed,  2 nodes.
      Class space:        1.00 GB reserved,       9.19 MB ( <1%) committed,  1 nodes.
             Both:        1.12 GB reserved,      81.06 MB (  7%) committed. 

Chunk freelists:
   Non-Class:  7.41 MB
       Class:  6.77 MB
        Both:  14.17 MB

MaxMetaspaceSize: unlimited
CompressedClassSpaceSize: 1.00 GB
Initial GC threshold: 21.00 MB
Current GC threshold: 97.31 MB
CDS: on
 - commit_granule_bytes: 65536.
 - commit_granule_words: 8192.
 - virtual_space_node_default_size: 8388608.
 - enlarge_chunks_in_place: 1.
 - use_allocation_guard: 0.


Internal statistics:

num_allocs_failed_limit: 9.
num_arena_births: 1484.
num_arena_deaths: 14.
num_vsnodes_births: 3.
num_vsnodes_deaths: 0.
num_space_committed: 1296.
num_space_uncommitted: 0.
num_chunks_returned_to_freelist: 23.
num_chunks_taken_from_freelist: 5206.
num_chunk_merges: 12.
num_chunk_splits: 3187.
num_chunks_enlarged: 1781.
num_inconsistent_stats: 0.

CodeHeap 'non-profiled nmethods': size=120000Kb used=12653Kb max_used=12653Kb free=107346Kb
 bounds [0x0000024ef7f20000, 0x0000024ef8b80000, 0x0000024eff450000]
CodeHeap 'profiled nmethods': size=120000Kb used=34433Kb max_used=34433Kb free=85566Kb
 bounds [0x0000024ef0450000, 0x0000024ef2600000, 0x0000024ef7980000]
CodeHeap 'non-nmethods': size=5760Kb used=1516Kb max_used=1606Kb free=4243Kb
 bounds [0x0000024ef7980000, 0x0000024ef7bf0000, 0x0000024ef7f20000]
CodeCache: size=245760Kb, used=48602Kb, max_used=48692Kb, free=197155Kb
 total_blobs=14917, nmethods=14073, adapters=746, full_count=0
Compilation: enabled, stopped_count=0, restarted_count=0

Compilation events (20 events):
Event: 855.845 Thread 0x0000024eed1f3880 nmethod 14949 0x0000024ef25ea610 code [0x0000024ef25eab80, 0x0000024ef25edac8]
Event: 855.845 Thread 0x0000024eed1f3880 14952       3       org.eclipse.jdt.internal.compiler.util.HashtableOfModule::<init> (49 bytes)
Event: 855.845 Thread 0x0000024eed1f3880 nmethod 14952 0x0000024ef25eed10 code [0x0000024ef25eeee0, 0x0000024ef25ef210]
Event: 855.846 Thread 0x0000024eed1f3880 14950       3       org.eclipse.jdt.internal.compiler.util.SoftClassCache$JdkClasses$$Lambda/0x0000024e85688000::apply (12 bytes)
Event: 855.846 Thread 0x0000024eed1f3880 nmethod 14950 0x0000024ef25ef310 code [0x0000024ef25ef4c0, 0x0000024ef25ef810]
Event: 855.846 Thread 0x0000024eed1f3880 14951       3       org.eclipse.jdt.internal.compiler.util.SoftClassCache$ClassBytes::<init> (10 bytes)
Event: 855.846 Thread 0x0000024eed1f3880 nmethod 14951 0x0000024ef25ef910 code [0x0000024ef25efac0, 0x0000024ef25efc48]
Event: 855.857 Thread 0x0000024eed1e8ff0 nmethod 14940 0x0000024ef8b77110 code [0x0000024ef8b773a0, 0x0000024ef8b78358]
Event: 855.857 Thread 0x0000024eed1e8ff0 14942       4       org.eclipse.jdt.internal.compiler.parser.Scanner::getLineEnd (61 bytes)
Event: 855.859 Thread 0x0000024eed1f3880 14954       3       org.eclipse.jdt.internal.core.BinaryMethod::getAnnotations (49 bytes)
Event: 855.859 Thread 0x0000024eed1e8ff0 nmethod 14942 0x0000024ef8b78e90 code [0x0000024ef8b79020, 0x0000024ef8b79170]
Event: 855.859 Thread 0x0000024eed1e8ff0 14953       4       org.eclipse.jdt.internal.core.manipulation.JavaElementLabelComposerCore::getFlag (12 bytes)
Event: 855.859 Thread 0x0000024eed1e8ff0 nmethod 14953 0x0000024ef8b79290 code [0x0000024ef8b79400, 0x0000024ef8b79470]
Event: 855.859 Thread 0x0000024eed1e8ff0 14943       4       org.eclipse.jdt.internal.compiler.parser.Scanner::getLineStart (57 bytes)
Event: 855.860 Thread 0x0000024eed1f3880 nmethod 14954 0x0000024ef25efd10 code [0x0000024ef25efee0, 0x0000024ef25f0378]
Event: 855.861 Thread 0x0000024eed1e8ff0 nmethod 14943 0x0000024ef8b79590 code [0x0000024ef8b79720, 0x0000024ef8b79878]
Event: 855.861 Thread 0x0000024eed1e8ff0 14945       4       org.eclipse.jdt.core.Signature::toCharArray (83 bytes)
Event: 855.870 Thread 0x0000024eed1e8ff0 nmethod 14945 0x0000024ef8b79990 code [0x0000024ef8b79b60, 0x0000024ef8b7a120]
Event: 855.908 Thread 0x0000024eed1e8ff0 14955       4       org.eclipse.jdt.internal.core.ClasspathEntry::combineWith (240 bytes)
Event: 855.944 Thread 0x0000024eed1e8ff0 nmethod 14955 0x0000024ef8b7a510 code [0x0000024ef8b7a740, 0x0000024ef8b7b178]

GC Heap History (20 events):
Event: 854.988 GC heap before
{Heap before GC invocations=204 (full 3):
 PSYoungGen      total 4608K, used 3640K [0x00000000d5580000, 0x00000000d5b00000, 0x0000000100000000)
  eden space 4096K, 84% used [0x00000000d5580000,0x00000000d58df710,0x00000000d5980000)
  from space 512K, 36% used [0x00000000d5a80000,0x00000000d5aae900,0x00000000d5b00000)
  to   space 512K, 0% used [0x00000000d5a00000,0x00000000d5a00000,0x00000000d5a80000)
 ParOldGen       total 234496K, used 234412K [0x0000000080000000, 0x000000008e500000, 0x00000000d5580000)
  object space 234496K, 99% used [0x0000000080000000,0x000000008e4eb150,0x000000008e500000)
 Metaspace       used 81168K, committed 82880K, reserved 1179648K
  class space    used 8657K, committed 9408K, reserved 1048576K
}
Event: 854.990 GC heap after
{Heap after GC invocations=204 (full 3):
 PSYoungGen      total 4608K, used 250K [0x00000000d5580000, 0x00000000d5b00000, 0x0000000100000000)
  eden space 4096K, 0% used [0x00000000d5580000,0x00000000d5580000,0x00000000d5980000)
  from space 512K, 48% used [0x00000000d5a00000,0x00000000d5a3e900,0x00000000d5a80000)
  to   space 512K, 0% used [0x00000000d5a80000,0x00000000d5a80000,0x00000000d5b00000)
 ParOldGen       total 234496K, used 234452K [0x0000000080000000, 0x000000008e500000, 0x00000000d5580000)
  object space 234496K, 99% used [0x0000000080000000,0x000000008e4f5150,0x000000008e500000)
 Metaspace       used 81168K, committed 82880K, reserved 1179648K
  class space    used 8657K, committed 9408K, reserved 1048576K
}
Event: 855.078 GC heap before
{Heap before GC invocations=205 (full 3):
 PSYoungGen      total 4608K, used 3833K [0x00000000d5580000, 0x00000000d5b00000, 0x0000000100000000)
  eden space 4096K, 87% used [0x00000000d5580000,0x00000000d58ffc80,0x00000000d5980000)
  from space 512K, 48% used [0x00000000d5a00000,0x00000000d5a3e900,0x00000000d5a80000)
  to   space 512K, 0% used [0x00000000d5a80000,0x00000000d5a80000,0x00000000d5b00000)
 ParOldGen       total 234496K, used 234452K [0x0000000080000000, 0x000000008e500000, 0x00000000d5580000)
  object space 234496K, 99% used [0x0000000080000000,0x000000008e4f5150,0x000000008e500000)
 Metaspace       used 81168K, committed 82880K, reserved 1179648K
  class space    used 8657K, committed 9408K, reserved 1048576K
}
Event: 855.079 GC heap after
{Heap after GC invocations=205 (full 3):
 PSYoungGen      total 4608K, used 256K [0x00000000d5580000, 0x00000000d5b00000, 0x0000000100000000)
  eden space 4096K, 0% used [0x00000000d5580000,0x00000000d5580000,0x00000000d5980000)
  from space 512K, 50% used [0x00000000d5a80000,0x00000000d5ac0000,0x00000000d5b00000)
  to   space 512K, 0% used [0x00000000d5a00000,0x00000000d5a00000,0x00000000d5a80000)
 ParOldGen       total 235008K, used 234500K [0x0000000080000000, 0x000000008e580000, 0x00000000d5580000)
  object space 235008K, 99% used [0x0000000080000000,0x000000008e501150,0x000000008e580000)
 Metaspace       used 81168K, committed 82880K, reserved 1179648K
  class space    used 8657K, committed 9408K, reserved 1048576K
}
Event: 855.122 GC heap before
{Heap before GC invocations=206 (full 3):
 PSYoungGen      total 4608K, used 3602K [0x00000000d5580000, 0x00000000d5b00000, 0x0000000100000000)
  eden space 4096K, 81% used [0x00000000d5580000,0x00000000d58c4a40,0x00000000d5980000)
  from space 512K, 50% used [0x00000000d5a80000,0x00000000d5ac0000,0x00000000d5b00000)
  to   space 512K, 0% used [0x00000000d5a00000,0x00000000d5a00000,0x00000000d5a80000)
 ParOldGen       total 235008K, used 234500K [0x0000000080000000, 0x000000008e580000, 0x00000000d5580000)
  object space 235008K, 99% used [0x0000000080000000,0x000000008e501150,0x000000008e580000)
 Metaspace       used 81168K, committed 82880K, reserved 1179648K
  class space    used 8657K, committed 9408K, reserved 1048576K
}
Event: 855.124 GC heap after
{Heap after GC invocations=206 (full 3):
 PSYoungGen      total 4608K, used 256K [0x00000000d5580000, 0x00000000d5b00000, 0x0000000100000000)
  eden space 4096K, 0% used [0x00000000d5580000,0x00000000d5580000,0x00000000d5980000)
  from space 512K, 50% used [0x00000000d5a00000,0x00000000d5a40000,0x00000000d5a80000)
  to   space 512K, 0% used [0x00000000d5a80000,0x00000000d5a80000,0x00000000d5b00000)
 ParOldGen       total 235008K, used 234608K [0x0000000080000000, 0x000000008e580000, 0x00000000d5580000)
  object space 235008K, 99% used [0x0000000080000000,0x000000008e51c350,0x000000008e580000)
 Metaspace       used 81168K, committed 82880K, reserved 1179648K
  class space    used 8657K, committed 9408K, reserved 1048576K
}
Event: 855.134 GC heap before
{Heap before GC invocations=207 (full 3):
 PSYoungGen      total 4608K, used 4325K [0x00000000d5580000, 0x00000000d5b00000, 0x0000000100000000)
  eden space 4096K, 99% used [0x00000000d5580000,0x00000000d5979720,0x00000000d5980000)
  from space 512K, 50% used [0x00000000d5a00000,0x00000000d5a40000,0x00000000d5a80000)
  to   space 512K, 0% used [0x00000000d5a80000,0x00000000d5a80000,0x00000000d5b00000)
 ParOldGen       total 235008K, used 234608K [0x0000000080000000, 0x000000008e580000, 0x00000000d5580000)
  object space 235008K, 99% used [0x0000000080000000,0x000000008e51c350,0x000000008e580000)
 Metaspace       used 81168K, committed 82880K, reserved 1179648K
  class space    used 8657K, committed 9408K, reserved 1048576K
}
Event: 855.137 GC heap after
{Heap after GC invocations=207 (full 3):
 PSYoungGen      total 4608K, used 192K [0x00000000d5580000, 0x00000000d5b00000, 0x0000000100000000)
  eden space 4096K, 0% used [0x00000000d5580000,0x00000000d5580000,0x00000000d5980000)
  from space 512K, 37% used [0x00000000d5a80000,0x00000000d5ab0000,0x00000000d5b00000)
  to   space 512K, 0% used [0x00000000d5a00000,0x00000000d5a00000,0x00000000d5a80000)
 ParOldGen       total 239104K, used 238225K [0x0000000080000000, 0x000000008e980000, 0x00000000d5580000)
  object space 239104K, 99% used [0x0000000080000000,0x000000008e8a46b0,0x000000008e980000)
 Metaspace       used 81168K, committed 82880K, reserved 1179648K
  class space    used 8657K, committed 9408K, reserved 1048576K
}
Event: 855.148 GC heap before
{Heap before GC invocations=208 (full 3):
 PSYoungGen      total 4608K, used 3032K [0x00000000d5580000, 0x00000000d5b00000, 0x0000000100000000)
  eden space 4096K, 69% used [0x00000000d5580000,0x00000000d5846140,0x00000000d5980000)
  from space 512K, 37% used [0x00000000d5a80000,0x00000000d5ab0000,0x00000000d5b00000)
  to   space 512K, 0% used [0x00000000d5a00000,0x00000000d5a00000,0x00000000d5a80000)
 ParOldGen       total 239104K, used 238225K [0x0000000080000000, 0x000000008e980000, 0x00000000d5580000)
  object space 239104K, 99% used [0x0000000080000000,0x000000008e8a46b0,0x000000008e980000)
 Metaspace       used 81168K, committed 82880K, reserved 1179648K
  class space    used 8657K, committed 9408K, reserved 1048576K
}
Event: 855.149 GC heap after
{Heap after GC invocations=208 (full 3):
 PSYoungGen      total 4608K, used 256K [0x00000000d5580000, 0x00000000d5b00000, 0x0000000100000000)
  eden space 4096K, 0% used [0x00000000d5580000,0x00000000d5580000,0x00000000d5980000)
  from space 512K, 50% used [0x00000000d5a00000,0x00000000d5a40000,0x00000000d5a80000)
  to   space 512K, 0% used [0x00000000d5a80000,0x00000000d5a80000,0x00000000d5b00000)
 ParOldGen       total 239104K, used 238265K [0x0000000080000000, 0x000000008e980000, 0x00000000d5580000)
  object space 239104K, 99% used [0x0000000080000000,0x000000008e8ae6b0,0x000000008e980000)
 Metaspace       used 81168K, committed 82880K, reserved 1179648K
  class space    used 8657K, committed 9408K, reserved 1048576K
}
Event: 855.169 GC heap before
{Heap before GC invocations=209 (full 3):
 PSYoungGen      total 4608K, used 4325K [0x00000000d5580000, 0x00000000d5b00000, 0x0000000100000000)
  eden space 4096K, 99% used [0x00000000d5580000,0x00000000d5979788,0x00000000d5980000)
  from space 512K, 50% used [0x00000000d5a00000,0x00000000d5a40000,0x00000000d5a80000)
  to   space 512K, 0% used [0x00000000d5a80000,0x00000000d5a80000,0x00000000d5b00000)
 ParOldGen       total 239104K, used 238265K [0x0000000080000000, 0x000000008e980000, 0x00000000d5580000)
  object space 239104K, 99% used [0x0000000080000000,0x000000008e8ae6b0,0x000000008e980000)
 Metaspace       used 81168K, committed 82880K, reserved 1179648K
  class space    used 8657K, committed 9408K, reserved 1048576K
}
Event: 855.172 GC heap after
{Heap after GC invocations=209 (full 3):
 PSYoungGen      total 4608K, used 192K [0x00000000d5580000, 0x00000000d5b00000, 0x0000000100000000)
  eden space 4096K, 0% used [0x00000000d5580000,0x00000000d5580000,0x00000000d5980000)
  from space 512K, 37% used [0x00000000d5a80000,0x00000000d5ab0000,0x00000000d5b00000)
  to   space 512K, 0% used [0x00000000d5a00000,0x00000000d5a00000,0x00000000d5a80000)
 ParOldGen       total 243200K, used 241842K [0x0000000080000000, 0x000000008ed80000, 0x00000000d5580000)
  object space 243200K, 99% used [0x0000000080000000,0x000000008ec2ca10,0x000000008ed80000)
 Metaspace       used 81168K, committed 82880K, reserved 1179648K
  class space    used 8657K, committed 9408K, reserved 1048576K
}
Event: 855.448 GC heap before
{Heap before GC invocations=210 (full 3):
 PSYoungGen      total 4608K, used 4288K [0x00000000d5580000, 0x00000000d5b00000, 0x0000000100000000)
  eden space 4096K, 100% used [0x00000000d5580000,0x00000000d5980000,0x00000000d5980000)
  from space 512K, 37% used [0x00000000d5a80000,0x00000000d5ab0000,0x00000000d5b00000)
  to   space 512K, 0% used [0x00000000d5a00000,0x00000000d5a00000,0x00000000d5a80000)
 ParOldGen       total 243200K, used 241842K [0x0000000080000000, 0x000000008ed80000, 0x00000000d5580000)
  object space 243200K, 99% used [0x0000000080000000,0x000000008ec2ca10,0x000000008ed80000)
 Metaspace       used 81192K, committed 82944K, reserved 1179648K
  class space    used 8657K, committed 9408K, reserved 1048576K
}
Event: 855.451 GC heap after
{Heap after GC invocations=210 (full 3):
 PSYoungGen      total 4608K, used 506K [0x00000000d5580000, 0x00000000d5b80000, 0x0000000100000000)
  eden space 4096K, 0% used [0x00000000d5580000,0x00000000d5580000,0x00000000d5980000)
  from space 512K, 98% used [0x00000000d5a00000,0x00000000d5a7e900,0x00000000d5a80000)
  to   space 1024K, 0% used [0x00000000d5a80000,0x00000000d5a80000,0x00000000d5b80000)
 ParOldGen       total 243200K, used 241970K [0x0000000080000000, 0x000000008ed80000, 0x00000000d5580000)
  object space 243200K, 99% used [0x0000000080000000,0x000000008ec4ca10,0x000000008ed80000)
 Metaspace       used 81192K, committed 82944K, reserved 1179648K
  class space    used 8657K, committed 9408K, reserved 1048576K
}
Event: 855.618 GC heap before
{Heap before GC invocations=211 (full 3):
 PSYoungGen      total 4608K, used 4602K [0x00000000d5580000, 0x00000000d5b80000, 0x0000000100000000)
  eden space 4096K, 100% used [0x00000000d5580000,0x00000000d5980000,0x00000000d5980000)
  from space 512K, 98% used [0x00000000d5a00000,0x00000000d5a7e900,0x00000000d5a80000)
  to   space 1024K, 0% used [0x00000000d5a80000,0x00000000d5a80000,0x00000000d5b80000)
 ParOldGen       total 243200K, used 241970K [0x0000000080000000, 0x000000008ed80000, 0x00000000d5580000)
  object space 243200K, 99% used [0x0000000080000000,0x000000008ec4ca10,0x000000008ed80000)
 Metaspace       used 81205K, committed 82944K, reserved 1179648K
  class space    used 8657K, committed 9408K, reserved 1048576K
}
Event: 855.620 GC heap after
{Heap after GC invocations=211 (full 3):
 PSYoungGen      total 5120K, used 500K [0x00000000d5580000, 0x00000000d5b80000, 0x0000000100000000)
  eden space 4096K, 0% used [0x00000000d5580000,0x00000000d5580000,0x00000000d5980000)
  from space 1024K, 48% used [0x00000000d5a80000,0x00000000d5afd200,0x00000000d5b80000)
  to   space 1024K, 0% used [0x00000000d5980000,0x00000000d5980000,0x00000000d5a80000)
 ParOldGen       total 243200K, used 242394K [0x0000000080000000, 0x000000008ed80000, 0x00000000d5580000)
  object space 243200K, 99% used [0x0000000080000000,0x000000008ecb6a10,0x000000008ed80000)
 Metaspace       used 81205K, committed 82944K, reserved 1179648K
  class space    used 8657K, committed 9408K, reserved 1048576K
}
Event: 855.816 GC heap before
{Heap before GC invocations=212 (full 3):
 PSYoungGen      total 5120K, used 4596K [0x00000000d5580000, 0x00000000d5b80000, 0x0000000100000000)
  eden space 4096K, 100% used [0x00000000d5580000,0x00000000d5980000,0x00000000d5980000)
  from space 1024K, 48% used [0x00000000d5a80000,0x00000000d5afd200,0x00000000d5b80000)
  to   space 1024K, 0% used [0x00000000d5980000,0x00000000d5980000,0x00000000d5a80000)
 ParOldGen       total 243200K, used 242394K [0x0000000080000000, 0x000000008ed80000, 0x00000000d5580000)
  object space 243200K, 99% used [0x0000000080000000,0x000000008ecb6a10,0x000000008ed80000)
 Metaspace       used 81216K, committed 83008K, reserved 1179648K
  class space    used 8657K, committed 9408K, reserved 1048576K
}
Event: 855.819 GC heap after
{Heap after GC invocations=212 (full 3):
 PSYoungGen      total 5120K, used 468K [0x00000000d5580000, 0x00000000d5b00000, 0x0000000100000000)
  eden space 4096K, 0% used [0x00000000d5580000,0x00000000d5580000,0x00000000d5980000)
  from space 1024K, 45% used [0x00000000d5980000,0x00000000d59f5200,0x00000000d5a80000)
  to   space 512K, 0% used [0x00000000d5a80000,0x00000000d5a80000,0x00000000d5b00000)
 ParOldGen       total 243200K, used 242482K [0x0000000080000000, 0x000000008ed80000, 0x00000000d5580000)
  object space 243200K, 99% used [0x0000000080000000,0x000000008eccca10,0x000000008ed80000)
 Metaspace       used 81216K, committed 83008K, reserved 1179648K
  class space    used 8657K, committed 9408K, reserved 1048576K
}
Event: 855.914 GC heap before
{Heap before GC invocations=213 (full 3):
 PSYoungGen      total 5120K, used 3010K [0x00000000d5580000, 0x00000000d5b00000, 0x0000000100000000)
  eden space 4096K, 62% used [0x00000000d5580000,0x00000000d57fb758,0x00000000d5980000)
  from space 1024K, 45% used [0x00000000d5980000,0x00000000d59f5200,0x00000000d5a80000)
  to   space 512K, 0% used [0x00000000d5a80000,0x00000000d5a80000,0x00000000d5b00000)
 ParOldGen       total 243200K, used 242482K [0x0000000080000000, 0x000000008ed80000, 0x00000000d5580000)
  object space 243200K, 99% used [0x0000000080000000,0x000000008eccca10,0x000000008ed80000)
 Metaspace       used 81219K, committed 83008K, reserved 1179648K
  class space    used 8657K, committed 9408K, reserved 1048576K
}
Event: 855.925 GC heap after
{Heap after GC invocations=213 (full 3):
 PSYoungGen      total 4608K, used 186K [0x00000000d5580000, 0x00000000d5b00000, 0x0000000100000000)
  eden space 4096K, 0% used [0x00000000d5580000,0x00000000d5580000,0x00000000d5980000)
  from space 512K, 36% used [0x00000000d5a80000,0x00000000d5aae900,0x00000000d5b00000)
  to   space 512K, 0% used [0x00000000d5a00000,0x00000000d5a00000,0x00000000d5a80000)
 ParOldGen       total 243200K, used 242530K [0x0000000080000000, 0x000000008ed80000, 0x00000000d5580000)
  object space 243200K, 99% used [0x0000000080000000,0x000000008ecd8a10,0x000000008ed80000)
 Metaspace       used 81219K, committed 83008K, reserved 1179648K
  class space    used 8657K, committed 9408K, reserved 1048576K
}

Dll operation events (12 events):
Event: 0.031 Loaded shared library c:\Users\usuario\.vscode\extensions\redhat.java-1.55.0-win32-x64\jre\21.0.11-win32-x86_64\bin\java.dll
Event: 0.249 Loaded shared library c:\Users\usuario\.vscode\extensions\redhat.java-1.55.0-win32-x64\jre\21.0.11-win32-x86_64\bin\zip.dll
Event: 0.292 Loaded shared library C:\Users\usuario\.vscode\extensions\redhat.java-1.55.0-win32-x64\jre\21.0.11-win32-x86_64\bin\instrument.dll
Event: 0.309 Loaded shared library C:\Users\usuario\.vscode\extensions\redhat.java-1.55.0-win32-x64\jre\21.0.11-win32-x86_64\bin\net.dll
Event: 0.314 Loaded shared library C:\Users\usuario\.vscode\extensions\redhat.java-1.55.0-win32-x64\jre\21.0.11-win32-x86_64\bin\nio.dll
Event: 0.335 Loaded shared library C:\Users\usuario\.vscode\extensions\redhat.java-1.55.0-win32-x64\jre\21.0.11-win32-x86_64\bin\zip.dll
Event: 0.383 Loaded shared library C:\Users\usuario\.vscode\extensions\redhat.java-1.55.0-win32-x64\jre\21.0.11-win32-x86_64\bin\jimage.dll
Event: 0.592 Loaded shared library c:\Users\usuario\.vscode\extensions\redhat.java-1.55.0-win32-x64\jre\21.0.11-win32-x86_64\bin\verify.dll
Event: 23.727 Loaded shared library C:\Users\usuario\AppData\Roaming\Code\User\globalStorage\redhat.java\1.55.0\config_win\org.eclipse.equinox.launcher\org.eclipse.equinox.launcher.win32.win32.x86_64_1.3.100.v20260613-0559\eclipse_11924.dll
Event: 86.043 Loaded shared library C:\Users\usuario\AppData\Local\Temp\jna--132844754\jna16925796554410664043.dll
Event: 106.416 Loaded shared library C:\Users\usuario\.vscode\extensions\redhat.java-1.55.0-win32-x64\jre\21.0.11-win32-x86_64\bin\sunmscapi.dll
Event: 106.661 Loaded shared library C:\Users\usuario\.vscode\extensions\redhat.java-1.55.0-win32-x64\jre\21.0.11-win32-x86_64\bin\extnet.dll

Deoptimization events (20 events):
Event: 855.191 Thread 0x0000024ecba5d090 DEOPT PACKING pc=0x0000024ef89d2030 sp=0x0000007f6a3fdde0
Event: 855.191 Thread 0x0000024ecba5d090 DEOPT UNPACKING pc=0x0000024ef79d3aa2 sp=0x0000007f6a3fdda8 mode 2
Event: 855.191 Thread 0x0000024ecba5d090 Uncommon trap: trap_request=0xffffffde fr.pc=0x0000024ef89d2030 relative=0x00000000000021f0
Event: 855.191 Thread 0x0000024ecba5d090 Uncommon trap: reason=class_check action=maybe_recompile pc=0x0000024ef89d2030 method=org.eclipse.jdt.internal.compiler.lookup.TypeSystem$HashedParameterizedTypes.get(Lorg/eclipse/jdt/internal/compiler/lookup/ReferenceBinding;[Lorg/eclipse/jdt/internal/co
Event: 855.191 Thread 0x0000024ecba5d090 DEOPT PACKING pc=0x0000024ef89d2030 sp=0x0000007f6a3fdd50
Event: 855.191 Thread 0x0000024ecba5d090 DEOPT UNPACKING pc=0x0000024ef79d3aa2 sp=0x0000007f6a3fdd18 mode 2
Event: 855.222 Thread 0x0000024ecba5d090 Uncommon trap: trap_request=0xffffffde fr.pc=0x0000024ef8b55358 relative=0x00000000000028b8
Event: 855.222 Thread 0x0000024ecba5d090 Uncommon trap: reason=class_check action=maybe_recompile pc=0x0000024ef8b55358 method=org.eclipse.jdt.internal.compiler.lookup.TypeSystem$HashedParameterizedTypes.put(Lorg/eclipse/jdt/internal/compiler/lookup/ReferenceBinding;[Lorg/eclipse/jdt/internal/co
Event: 855.222 Thread 0x0000024ecba5d090 DEOPT PACKING pc=0x0000024ef8b55358 sp=0x0000007f6a3fdb00
Event: 855.222 Thread 0x0000024ecba5d090 DEOPT UNPACKING pc=0x0000024ef79d3aa2 sp=0x0000007f6a3fdae0 mode 2
Event: 855.232 Thread 0x0000024ecba5d090 Uncommon trap: trap_request=0xffffff45 fr.pc=0x0000024ef8b0c030 relative=0x00000000000034f0
Event: 855.232 Thread 0x0000024ecba5d090 Uncommon trap: reason=unstable_if action=reinterpret pc=0x0000024ef8b0c030 method=org.eclipse.jdt.internal.compiler.lookup.ReferenceBinding.computeId()V @ 1511 c2
Event: 855.232 Thread 0x0000024ecba5d090 DEOPT PACKING pc=0x0000024ef8b0c030 sp=0x0000007f6a3fd9c0
Event: 855.232 Thread 0x0000024ecba5d090 DEOPT UNPACKING pc=0x0000024ef79d3aa2 sp=0x0000007f6a3fd940 mode 2
Event: 855.798 Thread 0x0000024ecba5d090 DEOPT PACKING pc=0x0000024ef227f7fd sp=0x0000007f6a3fdc00
Event: 855.798 Thread 0x0000024ecba5d090 DEOPT UNPACKING pc=0x0000024ef79d4242 sp=0x0000007f6a3fd088 mode 0
Event: 855.831 Thread 0x0000024ecba5d090 Uncommon trap: trap_request=0xffffff45 fr.pc=0x0000024ef8936e8c relative=0x000000000000b56c
Event: 855.831 Thread 0x0000024ecba5d090 Uncommon trap: reason=unstable_if action=reinterpret pc=0x0000024ef8936e8c method=org.eclipse.jdt.internal.compiler.lookup.TypeSystem$HashedParameterizedTypes.get(Lorg/eclipse/jdt/internal/compiler/lookup/ReferenceBinding;[Lorg/eclipse/jdt/internal/compil
Event: 855.831 Thread 0x0000024ecba5d090 DEOPT PACKING pc=0x0000024ef8936e8c sp=0x0000007f6a3fd9f0
Event: 855.831 Thread 0x0000024ecba5d090 DEOPT UNPACKING pc=0x0000024ef79d3aa2 sp=0x0000007f6a3fd808 mode 2

Classes loaded (20 events):
Event: 172.436 Loading class java/util/Timer
Event: 172.436 Loading class java/util/Timer done
Event: 172.436 Loading class java/util/TaskQueue
Event: 172.437 Loading class java/util/TaskQueue done
Event: 172.437 Loading class java/util/TimerThread
Event: 172.437 Loading class java/util/TimerThread done
Event: 172.437 Loading class java/util/Timer$ThreadReaper
Event: 172.437 Loading class java/util/Timer$ThreadReaper done
Event: 172.442 Loading class java/util/concurrent/CompletableFuture$UniWhenComplete
Event: 172.442 Loading class java/util/concurrent/CompletableFuture$UniWhenComplete done
Event: 172.443 Loading class java/util/concurrent/CompletableFuture$UniCompose
Event: 172.448 Loading class java/util/concurrent/CompletableFuture$UniCompose done
Event: 172.448 Loading class java/util/concurrent/CompletableFuture$UniRelay
Event: 172.449 Loading class java/util/concurrent/CompletableFuture$UniRelay done
Event: 182.608 Loading class java/lang/Throwable$WrappedPrintWriter
Event: 182.615 Loading class java/lang/Throwable$PrintStreamOrWriter
Event: 182.615 Loading class java/lang/Throwable$PrintStreamOrWriter done
Event: 182.615 Loading class java/lang/Throwable$WrappedPrintWriter done
Event: 182.868 Loading class jdk/internal/reflect/MethodHandleByteFieldAccessorImpl
Event: 182.887 Loading class jdk/internal/reflect/MethodHandleByteFieldAccessorImpl done

Classes unloaded (7 events):
Event: 91.141 Thread 0x0000024eed1c3330 Unloading class 0x0000024e851ab400 'java/lang/invoke/LambdaForm$MH+0x0000024e851ab400'
Event: 91.142 Thread 0x0000024eed1c3330 Unloading class 0x0000024e851ab000 'java/lang/invoke/LambdaForm$MH+0x0000024e851ab000'
Event: 91.142 Thread 0x0000024eed1c3330 Unloading class 0x0000024e851aac00 'java/lang/invoke/LambdaForm$MH+0x0000024e851aac00'
Event: 91.142 Thread 0x0000024eed1c3330 Unloading class 0x0000024e851aa800 'java/lang/invoke/LambdaForm$MH+0x0000024e851aa800'
Event: 91.142 Thread 0x0000024eed1c3330 Unloading class 0x0000024e851aa400 'java/lang/invoke/LambdaForm$BMH+0x0000024e851aa400'
Event: 91.142 Thread 0x0000024eed1c3330 Unloading class 0x0000024e851aa000 'java/lang/invoke/LambdaForm$DMH+0x0000024e851aa000'
Event: 91.142 Thread 0x0000024eed1c3330 Unloading class 0x0000024e851a8c00 'java/lang/invoke/LambdaForm$DMH+0x0000024e851a8c00'

Classes redefined (0 events):
No events

Internal exceptions (20 events):
Event: 854.133 Thread 0x0000024ecba5d090 Exception <a 'sun/nio/fs/WindowsException'{0x00000000d5717410}> (0x00000000d5717410) 
thrown [s\src\hotspot\share\prims\jni.cpp, line 520]
Event: 854.133 Thread 0x0000024ecba5d090 Exception <a 'sun/nio/fs/WindowsException'{0x00000000d5717d00}> (0x00000000d5717d00) 
thrown [s\src\hotspot\share\prims\jni.cpp, line 520]
Event: 854.500 Thread 0x0000024ecba5d090 Exception <a 'sun/nio/fs/WindowsException'{0x00000000d5649d78}> (0x00000000d5649d78) 
thrown [s\src\hotspot\share\prims\jni.cpp, line 520]
Event: 854.500 Thread 0x0000024ecba5d090 Exception <a 'sun/nio/fs/WindowsException'{0x00000000d564a668}> (0x00000000d564a668) 
thrown [s\src\hotspot\share\prims\jni.cpp, line 520]
Event: 854.642 Thread 0x0000024ecba5d090 Exception <a 'sun/nio/fs/WindowsException'{0x00000000d5590c58}> (0x00000000d5590c58) 
thrown [s\src\hotspot\share\prims\jni.cpp, line 520]
Event: 854.642 Thread 0x0000024ecba5d090 Exception <a 'sun/nio/fs/WindowsException'{0x00000000d5591548}> (0x00000000d5591548) 
thrown [s\src\hotspot\share\prims\jni.cpp, line 520]
Event: 854.865 Thread 0x0000024ecba5d090 Exception <a 'sun/nio/fs/WindowsException'{0x00000000d5774020}> (0x00000000d5774020) 
thrown [s\src\hotspot\share\prims\jni.cpp, line 520]
Event: 854.865 Thread 0x0000024ecba5d090 Exception <a 'sun/nio/fs/WindowsException'{0x00000000d5774910}> (0x00000000d5774910) 
thrown [s\src\hotspot\share\prims\jni.cpp, line 520]
Event: 854.952 Thread 0x0000024ecba5d090 Exception <a 'sun/nio/fs/WindowsException'{0x00000000d581bd60}> (0x00000000d581bd60) 
thrown [s\src\hotspot\share\prims\jni.cpp, line 520]
Event: 854.952 Thread 0x0000024ecba5d090 Exception <a 'sun/nio/fs/WindowsException'{0x00000000d581c650}> (0x00000000d581c650) 
thrown [s\src\hotspot\share\prims\jni.cpp, line 520]
Event: 855.012 Thread 0x0000024ecba5d090 Exception <a 'sun/nio/fs/WindowsException'{0x00000000d583cb10}> (0x00000000d583cb10) 
thrown [s\src\hotspot\share\prims\jni.cpp, line 520]
Event: 855.012 Thread 0x0000024ecba5d090 Exception <a 'sun/nio/fs/WindowsException'{0x00000000d583d400}> (0x00000000d583d400) 
thrown [s\src\hotspot\share\prims\jni.cpp, line 520]
Event: 855.233 Thread 0x0000024ecba5d090 Exception <a 'sun/nio/fs/WindowsException'{0x00000000d58ee6f0}> (0x00000000d58ee6f0) 
thrown [s\src\hotspot\share\prims\jni.cpp, line 520]
Event: 855.233 Thread 0x0000024ecba5d090 Exception <a 'sun/nio/fs/WindowsException'{0x00000000d58eefe0}> (0x00000000d58eefe0) 
thrown [s\src\hotspot\share\prims\jni.cpp, line 520]
Event: 855.629 Thread 0x0000024ecba5d090 Exception <a 'sun/nio/fs/WindowsException'{0x00000000d55d4400}> (0x00000000d55d4400) 
thrown [s\src\hotspot\share\prims\jni.cpp, line 520]
Event: 855.630 Thread 0x0000024ecba5d090 Exception <a 'sun/nio/fs/WindowsException'{0x00000000d55d4cf0}> (0x00000000d55d4cf0) 
thrown [s\src\hotspot\share\prims\jni.cpp, line 520]
Event: 855.860 Thread 0x0000024ecba5d090 Exception <a 'sun/nio/fs/WindowsException'{0x00000000d5738048}> (0x00000000d5738048) 
thrown [s\src\hotspot\share\prims\jni.cpp, line 520]
Event: 855.861 Thread 0x0000024ecba5d090 Exception <a 'sun/nio/fs/WindowsException'{0x00000000d5738938}> (0x00000000d5738938) 
thrown [s\src\hotspot\share\prims\jni.cpp, line 520]
Event: 855.959 Thread 0x0000024ecba5d090 Exception <a 'sun/nio/fs/WindowsException'{0x00000000d5822a10}> (0x00000000d5822a10) 
thrown [s\src\hotspot\share\prims\jni.cpp, line 520]
Event: 855.959 Thread 0x0000024ecba5d090 Exception <a 'sun/nio/fs/WindowsException'{0x00000000d5823300}> (0x00000000d5823300) 
thrown [s\src\hotspot\share\prims\jni.cpp, line 520]

ZGC Phase Switch (0 events):
No events

VM Operations (20 events):
Event: 855.122 Executing safepoint VM operation: ParallelGCFailedAllocation (Allocation Failure)
Event: 855.125 Executing safepoint VM operation: ParallelGCFailedAllocation (Allocation Failure) done
Event: 855.134 Executing safepoint VM operation: ParallelGCFailedAllocation (Allocation Failure)
Event: 855.137 Executing safepoint VM operation: ParallelGCFailedAllocation (Allocation Failure) done
Event: 855.148 Executing safepoint VM operation: ParallelGCFailedAllocation (Allocation Failure)
Event: 855.150 Executing safepoint VM operation: ParallelGCFailedAllocation (Allocation Failure) done
Event: 855.169 Executing safepoint VM operation: ParallelGCFailedAllocation (Allocation Failure)
Event: 855.172 Executing safepoint VM operation: ParallelGCFailedAllocation (Allocation Failure) done
Event: 855.447 Executing safepoint VM operation: ParallelGCFailedAllocation (Allocation Failure)
Event: 855.452 Executing safepoint VM operation: ParallelGCFailedAllocation (Allocation Failure) done
Event: 855.618 Executing safepoint VM operation: ParallelGCFailedAllocation (Allocation Failure)
Event: 855.621 Executing safepoint VM operation: ParallelGCFailedAllocation (Allocation Failure) done
Event: 855.816 Executing safepoint VM operation: ParallelGCFailedAllocation (Allocation Failure)
Event: 855.819 Executing safepoint VM operation: ParallelGCFailedAllocation (Allocation Failure) done
Event: 855.913 Executing safepoint VM operation: ParallelGCFailedAllocation (Allocation Failure)
Event: 855.925 Executing safepoint VM operation: ParallelGCFailedAllocation (Allocation Failure) done
Event: 902.065 Executing non-safepoint VM operation: HandshakeAllThreads (HandshakeForDeflation)
Event: 902.074 Executing non-safepoint VM operation: HandshakeAllThreads (HandshakeForDeflation) done
Event: 902.074 Executing non-safepoint VM operation: RendezvousGCThreads
Event: 902.074 Executing non-safepoint VM operation: RendezvousGCThreads done

Memory protections (0 events):
No events

Nmethod flushes (20 events):
Event: 118.578 Thread 0x0000024eed1c3330 flushing  nmethod 0x0000024ef0da7e90
Event: 118.578 Thread 0x0000024eed1c3330 flushing  nmethod 0x0000024ef0da8510
Event: 118.578 Thread 0x0000024eed1c3330 flushing  nmethod 0x0000024ef0dac590
Event: 118.578 Thread 0x0000024eed1c3330 flushing  nmethod 0x0000024ef0dacf10
Event: 118.578 Thread 0x0000024eed1c3330 flushing  nmethod 0x0000024ef0dad790
Event: 118.578 Thread 0x0000024eed1c3330 flushing  nmethod 0x0000024ef0db8e10
Event: 118.578 Thread 0x0000024eed1c3330 flushing  nmethod 0x0000024ef0dbb710
Event: 118.578 Thread 0x0000024eed1c3330 flushing  nmethod 0x0000024ef0dbbb10
Event: 118.578 Thread 0x0000024eed1c3330 flushing  nmethod 0x0000024ef0dbd590
Event: 118.578 Thread 0x0000024eed1c3330 flushing  nmethod 0x0000024ef0dbdc90
Event: 118.578 Thread 0x0000024eed1c3330 flushing  nmethod 0x0000024ef0dbe490
Event: 118.578 Thread 0x0000024eed1c3330 flushing  nmethod 0x0000024ef0dbea90
Event: 118.578 Thread 0x0000024eed1c3330 flushing  nmethod 0x0000024ef0dbf310
Event: 118.578 Thread 0x0000024eed1c3330 flushing  nmethod 0x0000024ef0dc3990
Event: 118.578 Thread 0x0000024eed1c3330 flushing  nmethod 0x0000024ef0dc5510
Event: 118.578 Thread 0x0000024eed1c3330 flushing  nmethod 0x0000024ef0dcbf10
Event: 118.578 Thread 0x0000024eed1c3330 flushing  nmethod 0x0000024ef0de4310
Event: 118.578 Thread 0x0000024eed1c3330 flushing  nmethod 0x0000024ef0de7b10
Event: 118.578 Thread 0x0000024eed1c3330 flushing  nmethod 0x0000024ef0dffe90
Event: 118.578 Thread 0x0000024eed1c3330 flushing  nmethod 0x0000024ef0e4f810

Events (20 events):
Event: 214.348 Thread 0x0000024ecd84dbd0 Thread exited: 0x0000024ecd84dbd0
Event: 215.313 Thread 0x0000024eed1f3880 Thread added: 0x0000024ecb9659b0
Event: 217.185 Thread 0x0000024ecb9659b0 Thread exited: 0x0000024ecb9659b0
Event: 217.186 Thread 0x0000024ecb966080 Thread exited: 0x0000024ecb966080
Event: 234.185 Thread 0x0000024eed1f3880 Thread added: 0x0000024ecbd75d60
Event: 235.687 Thread 0x0000024ecbd75d60 Thread exited: 0x0000024ecbd75d60
Event: 311.412 Thread 0x0000024ecb87fc30 Thread exited: 0x0000024ecb87fc30
Event: 312.283 Thread 0x0000024ecd84ceb0 Thread exited: 0x0000024ecd84ceb0
Event: 323.088 Thread 0x0000024ecb87e1f0 Thread exited: 0x0000024ecb87e1f0
Event: 323.128 Thread 0x0000024ecd847ff0 Thread exited: 0x0000024ecd847ff0
Event: 383.280 Thread 0x0000024ecd84ade0 Thread exited: 0x0000024ecd84ade0
Event: 443.283 Thread 0x0000024ecd84bb00 Thread exited: 0x0000024ecd84bb00
Event: 503.294 Thread 0x0000024ecd84c190 Thread exited: 0x0000024ecd84c190
Event: 516.357 Thread 0x0000024ecbb7e4f0 Thread exited: 0x0000024ecbb7e4f0
Event: 563.714 Thread 0x0000024ecd84a0c0 Thread exited: 0x0000024ecd84a0c0
Event: 624.152 Thread 0x0000024ecd84b470 Thread exited: 0x0000024ecd84b470
Event: 684.685 Thread 0x0000024ecd8493a0 Thread exited: 0x0000024ecd8493a0
Event: 816.709 Thread 0x0000024ecd848680 Thread exited: 0x0000024ecd848680
Event: 846.081 Thread 0x0000024ecbb7f210 Thread added: 0x0000024ecba5d090
Event: 916.615 Thread 0x0000024ecba5d090 Thread exited: 0x0000024ecba5d090


Dynamic libraries:
0x00007ff7c8240000 - 0x00007ff7c824e000 	c:\Users\usuario\.vscode\extensions\redhat.java-1.55.0-win32-x64\jre\21.0.11-win32-x86_64\bin\java.exe
0x00007ffa8a860000 - 0x00007ffa8aac6000 	C:\WINDOWS\SYSTEM32\ntdll.dll
0x00007ffa89650000 - 0x00007ffa89719000 	C:\WINDOWS\System32\KERNEL32.DLL
0x00007ffa87b10000 - 0x00007ffa87f0e000 	C:\WINDOWS\System32\KERNELBASE.dll
0x00007ffa843e0000 - 0x00007ffa84480000 	C:\WINDOWS\SYSTEM32\apphelp.dll
0x00007ffa88240000 - 0x00007ffa8838c000 	C:\WINDOWS\System32\ucrtbase.dll
0x00007ffa71250000 - 0x00007ffa71268000 	c:\Users\usuario\.vscode\extensions\redhat.java-1.55.0-win32-x64\jre\21.0.11-win32-x86_64\bin\jli.dll
0x00007ffa890f0000 - 0x00007ffa892b7000 	C:\WINDOWS\System32\USER32.dll
0x00007ffa88210000 - 0x00007ffa88237000 	C:\WINDOWS\System32\win32u.dll
0x00007ffa88890000 - 0x00007ffa888bb000 	C:\WINDOWS\System32\GDI32.dll
0x00007ffa883a0000 - 0x00007ffa884ca000 	C:\WINDOWS\System32\gdi32full.dll
0x00007ffa88160000 - 0x00007ffa88203000 	C:\WINDOWS\System32\msvcp_win.dll
0x00007ffa71230000 - 0x00007ffa7124e000 	c:\Users\usuario\.vscode\extensions\redhat.java-1.55.0-win32-x64\jre\21.0.11-win32-x86_64\bin\VCRUNTIME140.dll
0x00007ffa73770000 - 0x00007ffa73a02000 	C:\WINDOWS\WinSxS\amd64_microsoft.windows.common-controls_6595b64144ccf1df_6.0.26100.8875_none_3e0d5d42e32fe9dd\COMCTL32.dll
0x00007ffa89950000 - 0x00007ffa899f9000 	C:\WINDOWS\System32\msvcrt.dll
0x00007ffa892e0000 - 0x00007ffa89312000 	C:\WINDOWS\System32\IMM32.DLL
0x00007ffa69ad0000 - 0x00007ffa69adc000 	c:\Users\usuario\.vscode\extensions\redhat.java-1.55.0-win32-x64\jre\21.0.11-win32-x86_64\bin\vcruntime140_1.dll
0x00007ffa255f0000 - 0x00007ffa2567d000 	c:\Users\usuario\.vscode\extensions\redhat.java-1.55.0-win32-x64\jre\21.0.11-win32-x86_64\bin\msvcp140.dll
0x00007ff9b3600000 - 0x00007ff9b43a2000 	c:\Users\usuario\.vscode\extensions\redhat.java-1.55.0-win32-x64\jre\21.0.11-win32-x86_64\bin\server\jvm.dll
0x00007ffa8a0f0000 - 0x00007ffa8a1a7000 	C:\WINDOWS\System32\ADVAPI32.dll
0x00007ffa895a0000 - 0x00007ffa8964a000 	C:\WINDOWS\System32\sechost.dll
0x00007ffa89390000 - 0x00007ffa894a8000 	C:\WINDOWS\System32\RPCRT4.dll
0x00007ffa89060000 - 0x00007ffa890e0000 	C:\WINDOWS\System32\WS2_32.dll
0x00007ffa87900000 - 0x00007ffa8795e000 	C:\WINDOWS\SYSTEM32\POWRPROF.dll
0x00007ffa7f2c0000 - 0x00007ffa7f2f6000 	C:\WINDOWS\SYSTEM32\WINMM.dll
0x00007ffa800a0000 - 0x00007ffa800ab000 	C:\WINDOWS\SYSTEM32\VERSION.dll
0x00007ffa878e0000 - 0x00007ffa878f4000 	C:\WINDOWS\SYSTEM32\UMPDC.dll
0x00007ffa86720000 - 0x00007ffa8673b000 	C:\WINDOWS\SYSTEM32\kernel.appcore.dll
0x00007ffa62cb0000 - 0x00007ffa62cba000 	c:\Users\usuario\.vscode\extensions\redhat.java-1.55.0-win32-x64\jre\21.0.11-win32-x86_64\bin\jimage.dll
0x00007ffa85070000 - 0x00007ffa852b2000 	C:\WINDOWS\SYSTEM32\DBGHELP.DLL
0x00007ffa89d60000 - 0x00007ffa8a0e3000 	C:\WINDOWS\System32\combase.dll
0x00007ffa894b0000 - 0x00007ffa89589000 	C:\WINDOWS\System32\OLEAUT32.dll
0x00007ffa703c0000 - 0x00007ffa703fb000 	C:\WINDOWS\SYSTEM32\dbgcore.DLL
0x00007ffa884d0000 - 0x00007ffa8857c000 	C:\WINDOWS\System32\bcryptPrimitives.dll
0x00007ffa79930000 - 0x00007ffa7993f000 	c:\Users\usuario\.vscode\extensions\redhat.java-1.55.0-win32-x64\jre\21.0.11-win32-x86_64\bin\instrument.dll
0x00007ffa59b90000 - 0x00007ffa59bb0000 	c:\Users\usuario\.vscode\extensions\redhat.java-1.55.0-win32-x64\jre\21.0.11-win32-x86_64\bin\java.dll
0x00007ffa888c0000 - 0x00007ffa89052000 	C:\WINDOWS\System32\SHELL32.dll
0x00007ffa85500000 - 0x00007ffa85d92000 	C:\WINDOWS\SYSTEM32\windows.storage.dll
0x00007ffa89bc0000 - 0x00007ffa89cb7000 	C:\WINDOWS\System32\SHCORE.dll
0x00007ffa89320000 - 0x00007ffa89387000 	C:\WINDOWS\System32\shlwapi.dll
0x00007ffa879a0000 - 0x00007ffa879c9000 	C:\WINDOWS\SYSTEM32\profapi.dll
0x00007ffa59b70000 - 0x00007ffa59b88000 	c:\Users\usuario\.vscode\extensions\redhat.java-1.55.0-win32-x64\jre\21.0.11-win32-x86_64\bin\zip.dll
0x00007ffa62170000 - 0x00007ffa62180000 	C:\Users\usuario\.vscode\extensions\redhat.java-1.55.0-win32-x64\jre\21.0.11-win32-x86_64\bin\net.dll
0x00007ffa7ed80000 - 0x00007ffa7eea7000 	C:\WINDOWS\SYSTEM32\WINHTTP.dll
0x00007ffa86cb0000 - 0x00007ffa86d1c000 	C:\WINDOWS\system32\mswsock.dll
0x00007ffa2e360000 - 0x00007ffa2e376000 	C:\Users\usuario\.vscode\extensions\redhat.java-1.55.0-win32-x64\jre\21.0.11-win32-x86_64\bin\nio.dll
0x00007ffa79920000 - 0x00007ffa79930000 	c:\Users\usuario\.vscode\extensions\redhat.java-1.55.0-win32-x64\jre\21.0.11-win32-x86_64\bin\verify.dll
0x00007ffa24690000 - 0x00007ffa246d5000 	C:\Users\usuario\AppData\Roaming\Code\User\globalStorage\redhat.java\1.55.0\config_win\org.eclipse.equinox.launcher\org.eclipse.equinox.launcher.win32.win32.x86_64_1.3.100.v20260613-0559\eclipse_11924.dll
0x00007ffa88590000 - 0x00007ffa88729000 	C:\WINDOWS\System32\ole32.dll
0x00007ffa870e0000 - 0x00007ffa870fb000 	C:\WINDOWS\SYSTEM32\CRYPTSP.dll
0x00007ffa86680000 - 0x00007ffa866b9000 	C:\WINDOWS\system32\rsaenh.dll
0x00007ffa86d70000 - 0x00007ffa86da2000 	C:\WINDOWS\SYSTEM32\USERENV.dll
0x00007ffa87970000 - 0x00007ffa8799a000 	C:\WINDOWS\SYSTEM32\bcrypt.dll
0x00007ffa86f20000 - 0x00007ffa86f2c000 	C:\WINDOWS\SYSTEM32\CRYPTBASE.dll
0x00007ffa860d0000 - 0x00007ffa86103000 	C:\WINDOWS\SYSTEM32\IPHLPAPI.DLL
0x00007ffa89cc0000 - 0x00007ffa89cca000 	C:\WINDOWS\System32\NSI.dll
0x00007ffa1ef10000 - 0x00007ffa1ef59000 	C:\Users\usuario\AppData\Local\Temp\jna--132844754\jna16925796554410664043.dll
0x00007ffa89590000 - 0x00007ffa89598000 	C:\WINDOWS\System32\PSAPI.DLL
0x00007ffa7f290000 - 0x00007ffa7f2ad000 	C:\WINDOWS\SYSTEM32\dhcpcsvc6.DLL
0x00007ffa7df90000 - 0x00007ffa7dfb5000 	C:\WINDOWS\SYSTEM32\dhcpcsvc.DLL
0x00007ffa729b0000 - 0x00007ffa729be000 	C:\Users\usuario\.vscode\extensions\redhat.java-1.55.0-win32-x64\jre\21.0.11-win32-x86_64\bin\sunmscapi.dll
0x00007ffa87f20000 - 0x00007ffa88098000 	C:\WINDOWS\System32\CRYPT32.dll
0x00007ffa87250000 - 0x00007ffa87280000 	C:\WINDOWS\SYSTEM32\ncrypt.dll
0x00007ffa87200000 - 0x00007ffa8723f000 	C:\WINDOWS\SYSTEM32\NTASN1.dll
0x00007ffa86110000 - 0x00007ffa86266000 	C:\WINDOWS\SYSTEM32\DNSAPI.dll
0x00007ffa86ab0000 - 0x00007ffa86abd000 	C:\WINDOWS\SYSTEM32\DSPARSE.dll
0x00007ffa7ba30000 - 0x00007ffa7ba3b000 	C:\Windows\System32\rasadhlp.dll
0x00007ffa7b990000 - 0x00007ffa7ba16000 	C:\WINDOWS\System32\fwpuclnt.dll
0x00007ffa59460000 - 0x00007ffa59469000 	C:\Users\usuario\.vscode\extensions\redhat.java-1.55.0-win32-x64\jre\21.0.11-win32-x86_64\bin\extnet.dll

JVMTI agents:
c:\Users\usuario\.vscode\extensions\redhat.java-1.55.0-win32-x64\lombok\lombok-1.18.39-4050.jar path:c:\Users\usuario\.vscode\extensions\redhat.java-1.55.0-win32-x64\jre\21.0.11-win32-x86_64\bin\instrument.dll, loaded, initialized, instrumentlib options:none

dbghelp: loaded successfully - version: 4.0.5 - missing functions: none
symbol engine: initialized successfully - sym options: 0x614 - pdb path: .;c:\Users\usuario\.vscode\extensions\redhat.java-1.55.0-win32-x64\jre\21.0.11-win32-x86_64\bin;C:\WINDOWS\SYSTEM32;C:\WINDOWS\WinSxS\amd64_microsoft.windows.common-controls_6595b64144ccf1df_6.0.26100.8875_none_3e0d5d42e32fe9dd;c:\Users\usuario\.vscode\extensions\redhat.java-1.55.0-win32-x64\jre\21.0.11-win32-x86_64\bin\server;C:\Users\usuario\AppData\Roaming\Code\User\globalStorage\redhat.java\1.55.0\config_win\org.eclipse.equinox.launcher\org.eclipse.equinox.launcher.win32.win32.x86_64_1.3.100.v20260613-0559;C:\Users\usuario\AppData\Local\Temp\jna--132844754

VM Arguments:
jvm_args: --add-modules=ALL-SYSTEM --add-opens=java.base/java.util=ALL-UNNAMED --add-opens=java.base/java.lang=ALL-UNNAMED --add-opens=java.base/sun.nio.fs=ALL-UNNAMED -Declipse.application=org.eclipse.jdt.ls.core.id1 -Dosgi.bundles.defaultStartLevel=4 -Declipse.product=org.eclipse.jdt.ls.core.product -Djava.import.generatesMetadataFilesAtProjectRoot=false -DDetectVMInstallationsJob.disabled=true -Dfile.encoding=utf8 -XX:+UseParallelGC -XX:GCTimeRatio=4 -XX:AdaptiveSizePolicyWeight=90 -Dsun.zip.disableMemoryMapping=true -Xmx2G -Xms100m -Xlog:disable -javaagent:c:\Users\usuario\.vscode\extensions\redhat.java-1.55.0-win32-x64\lombok\lombok-1.18.39-4050.jar -XX:+HeapDumpOnOutOfMemoryError -XX:HeapDumpPath=c:\Users\usuario\AppData\Roaming\Code\User\workspaceStorage\266824a29eef203ba0ce8fab30c21ef0\redhat.java -Daether.dependencyCollector.impl=bf 
java_command: c:\Users\usuario\.vscode\extensions\redhat.java-1.55.0-win32-x64\server\plugins\org.eclipse.equinox.launcher_1.7.200.v20260619-2039.jar -configuration c:\Users\usuario\AppData\Roaming\Code\User\globalStorage\redhat.java\1.55.0\config_win -data c:\Users\usuario\AppData\Roaming\Code\User\workspaceStorage\266824a29eef203ba0ce8fab30c21ef0\redhat.java\jdt_ws --pipe=\\.\pipe\lsp-0c51d9f334954e0c794b6d8adda7a044-sock
java_class_path (initial): c:\Users\usuario\.vscode\extensions\redhat.java-1.55.0-win32-x64\server\plugins\org.eclipse.equinox.launcher_1.7.200.v20260619-2039.jar
Launcher Type: SUN_STANDARD

[Global flags]
    uintx AdaptiveSizePolicyWeight                 = 90                                        {product} {command line}
     intx CICompilerCount                          = 4                                         {product} {ergonomic}
    uintx GCTimeRatio                              = 4                                         {product} {command line}
     bool HeapDumpOnOutOfMemoryError               = true                                   {manageable} {command line}
    ccstr HeapDumpPath                             = c:\Users\usuario\AppData\Roaming\Code\User\workspaceStorage\266824a29eef203ba0ce8fab30c21ef0\redhat.java         {manageable} {command line}
   size_t InitialHeapSize                          = 104857600                                 {product} {command line}
   size_t MaxHeapSize                              = 2147483648                                {product} {command line}
   size_t MaxNewSize                               = 715653120                                 {product} {ergonomic}
   size_t MinHeapDeltaBytes                        = 524288                                    {product} {ergonomic}
   size_t MinHeapSize                              = 104857600                                 {product} {command line}
   size_t NewSize                                  = 34603008                                  {product} {ergonomic}
    uintx NonNMethodCodeHeapSize                   = 5839372                                {pd product} {ergonomic}
    uintx NonProfiledCodeHeapSize                  = 122909434                              {pd product} {ergonomic}
   size_t OldSize                                  = 70254592                                  {product} {ergonomic}
    uintx ProfiledCodeHeapSize                     = 122909434                              {pd product} {ergonomic}
    uintx ReservedCodeCacheSize                    = 251658240                              {pd product} {ergonomic}
     bool SegmentedCodeCache                       = true                                      {product} {ergonomic}
   size_t SoftMaxHeapSize                          = 2147483648                             {manageable} {ergonomic}
     bool UseCompressedOops                        = true                           {product lp64_product} {ergonomic}
     bool UseLargePagesIndividualAllocation        = false                                  {pd product} {ergonomic}
     bool UseParallelGC                            = true                                      {product} {command line}

Logging:
Log output configuration:
 #0: stdout all=off uptime,level,tags foldmultilines=false
 #1: stderr all=off uptime,level,tags foldmultilines=false

Release file:
JAVA_VERSION="21.0.11" 
MODULES="java.base java.compiler java.datatransfer java.xml java.prefs java.desktop java.instrument java.logging java.management java.security.sasl java.naming java.rmi java.management.rmi java.net.http java.scripting java.security.jgss java.transaction.xa java.sql java.sql.rowset java.xml.crypto java.se java.smartcardio jdk.accessibility jdk.internal.jvmstat jdk.attach jdk.charsets jdk.internal.opt jdk.zipfs jdk.compiler jdk.crypto.ec jdk.crypto.cryptoki jdk.crypto.mscapi jdk.dynalink jdk.internal.ed jdk.editpad jdk.hotspot.agent jdk.httpserver jdk.internal.le jdk.internal.vm.ci jdk.internal.vm.compiler jdk.internal.vm.compiler.management jdk.jartool jdk.javadoc jdk.jcmd jdk.management jdk.management.agent jdk.jconsole jdk.jdeps jdk.jdwp.agent jdk.jdi jdk.jfr jdk.jshell jdk.jsobject jdk.jstatd jdk.localedata jdk.management.jfr jdk.naming.dns jdk.naming.rmi jdk.net jdk.nio.mapmode jdk.random jdk.sctp jdk.security.auth jdk.security.jgss jdk.unsupported jdk.unsupported.desktop jdk.xml.dom" 

Environment Variables:
JAVA_HOME=C:\Users\usuario\.jdks\openjdk-20.0.1
PATH=C:\Program Files (x86)\VMware\VMware Workstation\bin\;C:\Program Files\Common Files\Oracle\Java\javapath;C:\Program Files (x86)\Common Files\Oracle\Java\javapath;C:\WINDOWS\system32;C:\WINDOWS;C:\WINDOWS\System32\Wbem;C:\WINDOWS\System32\WindowsPowerShell\v1.0\;C:\WINDOWS\System32\OpenSSH\;C:\Program Files\nodejs\;C:\ProgramData\chocolatey\bin;C:\Program Files\Docker\Docker\resources\bin;C:\Program Files\Git\cmd;C:\Program Files (x86)\Bitvise SSH Client;C:\Users\usuario\AppData\Local\Android\Sdk\platform-tools;C:\Users\usuario\dev\flutter\bin;C:\Users\usuario\AppData\Local\Programs\Python\Python314\Scripts\;C:\Users\usuario\AppData\Local\Programs\Python\Python314\;C:\Program Files\MySQL\MySQL Shell 8.0\bin\;C:\Users\usuario\AppData\Local\Microsoft\WindowsApps;C:\Users\usuario\AppData\Local\Programs\Microsoft VS Code\bin;C:\Users\usuario\AppData\Local\GitHubDesktop\bin;C:\Users\usuario\AppData\Roaming\npm;C:\Python312;C:\Python312\Scripts;
USERNAME=usuario
OS=Windows_NT
PROCESSOR_IDENTIFIER=AMD64 Family 23 Model 24 Stepping 1, AuthenticAMD
TMP=C:\Users\usuario\AppData\Local\Temp
TEMP=C:\Users\usuario\AppData\Local\Temp




Periodic native trim disabled

---------------  S Y S T E M  ---------------

OS:
 Windows 11 , 64 bit Build 26100 (10.0.26100.8875)
OS uptime: 3 days 19:03 hours
Hyper-V role detected

CPU: total 8 (initial active 8) (8 cores per cpu, 2 threads per core) family 23 model 24 stepping 1 microcode 0x8108109, cx8, cmov, fxsr, ht, mmx, 3dnowpref, sse, sse2, sse3, ssse3, sse4a, sse4.1, sse4.2, popcnt, lzcnt, tsc, tscinvbit, avx, avx2, aes, clmul, bmi1, bmi2, adx, sha, fma, vzeroupper, clflush, clflushopt, hv, rdtscp, f16c
Processor Information for the first 8 processors :
  Max Mhz: 2300, Current Mhz: 2300, Mhz Limit: 2300

Memory: 4k page, system-wide physical 6091M (212M free)
TotalPageFile size 24523M (AvailPageFile size 2M)
current process WorkingSet (physical memory assigned to process): 8M, peak: 332M
current process commit charge ("private bytes"): 575M, peak: 576M

vm_info: OpenJDK 64-Bit Server VM (21.0.11+10-LTS) for windows-amd64 JRE (21.0.11+10-LTS), built on 2026-04-21T00:00:00Z by "admin" with MS VC++ 17.12 (VS2022)

END.
